AGENTVAC_CHECK {"id":"fixture-disk-and-diagnostic-data","status":"PASS","detail":{"sqlite":"3.53.3","pages":182,"freelist":129,"fixtureDisk":{"path":"/workspace/scratch/4f36639a43c1/AgentVac-next/.qa","device":"27","filesystemType":"0x794c7630","availableBytes":"23764488192","inMemoryFilesystem":false},"sourceSha256":"717de5fb4244041fef795b6a734a4eb4368c0806f294274affa58d72d3d359da","helperFixtureSyntaxChecked":true,"trashConfigurationChanged":false}}
2026-10-04T21:31:20.923Z pw:browser <launching> /workspace/scratch/4f36639a43c1/AgentVac/node_modules/electron/dist/electron -r /workspace/scratch/4f36639a43c1/AgentVac/node_modules/playwright-core/lib/server/electron/loader.js --inspect=0 --remote-debugging-port=0 /workspace/scratch/4f36639a43c1/AgentVac-next
2026-10-04T21:31:20.927Z pw:browser <launched> pid=53693
2026-10-04T21:31:20.983Z pw:browser [pid=53693][err] [53693:1004/143120.982505:ERROR:dbus/bus.cc:406] Failed to connect to the bus: Failed to connect to socket /run/dbus/system_bus_socket: No such file or directory
2026-10-04T21:31:20.997Z pw:browser [pid=53693][err] Debugger listening on ws://127.0.0.1:39463/a5374d03-412d-438e-ba40-1c9ae9985e87
2026-10-04T21:31:20.997Z pw:browser [pid=53693][err] For help, see: https://nodejs.org/learn/getting-started/debugging
2026-10-04T21:31:20.997Z pw:browser <ws connecting> ws://127.0.0.1:39463/a5374d03-412d-438e-ba40-1c9ae9985e87
2026-10-04T21:31:21.004Z pw:browser <ws connected> ws://127.0.0.1:39463/a5374d03-412d-438e-ba40-1c9ae9985e87
2026-10-04T21:31:21.004Z pw:browser [pid=53693][err] Debugger attached.
2026-10-04T21:31:21.051Z pw:browser [pid=53693][err] [53693:1004/143121.051529:ERROR:dbus/bus.cc:406] Failed to connect to the bus: Failed to connect to socket /run/dbus/system_bus_socket: No such file or directory
2026-10-04T21:31:21.052Z pw:browser [pid=53693][err] [53693:1004/143121.051558:ERROR:dbus/bus.cc:406] Failed to connect to the bus: Failed to connect to socket /run/dbus/system_bus_socket: No such file or directory
2026-10-04T21:31:21.055Z pw:browser [pid=53693][err] 
2026-10-04T21:31:21.055Z pw:browser [pid=53693][err] DevTools listening on ws://127.0.0.1:42991/devtools/browser/7a9dcd58-40f3-4f41-aef6-0c577a685ab8
2026-10-04T21:31:21.055Z pw:browser <ws connecting> ws://127.0.0.1:42991/devtools/browser/7a9dcd58-40f3-4f41-aef6-0c577a685ab8
2026-10-04T21:31:21.063Z pw:browser <ws connected> ws://127.0.0.1:42991/devtools/browser/7a9dcd58-40f3-4f41-aef6-0c577a685ab8
2026-10-04T21:31:21.174Z pw:browser [pid=53693][err] [53769:1004/143121.173945:ERROR:gpu/ipc/client/command_buffer_proxy_impl.cc:285] ContextResult::kTransientFailure: Failed to send GpuControl.CreateCommandBuffer.
AGENTVAC_CHECK {"id":"native-window-preload-ipc-sandbox","status":"PASS","detail":{"windows":1,"visible":true,"userData":"/workspace/scratch/4f36639a43c1/AgentVac-next/.qa/agentvac-native-suite-FGtI0r/profile","electron":"44.5.1","arch":"x64","argv":["/workspace/scratch/4f36639a43c1/AgentVac/node_modules/electron/dist/electron","/workspace/scratch/4f36639a43c1/AgentVac-next"],"sandbox":true,"contextIsolation":true,"nodeIntegration":false,"disabledSandboxSwitch":false,"coldUiSigningReady":true,"parallelStartupIpcSucceeded":true,"canSign":true,"noRealHomeDiscovery":true}}
AGENTVAC_CHECK {"id":"native-folder-picker-open-cancel","status":"SKIP","detail":"xdotool is absent; native picker was not opened. Install normal desktop test tools in the approved runner, without security changes."}
AGENTVAC_CHECK {"id":"demo-ui-scan-quarantine-history-restore","status":"PASS","detail":{"batchId":"3aaeed44-8aef-4c7c-8d7c-9f99bfa6f228","restoredItems":3,"realUi":true,"fixedDemoWorkspace":true}}
2026-10-04T21:31:22.158Z pw:browser <ws disconnecting> ws://127.0.0.1:39463/a5374d03-412d-438e-ba40-1c9ae9985e87
2026-10-04T21:31:22.158Z pw:browser [pid=53693][err] Debugger ending on ws://127.0.0.1:39463/a5374d03-412d-438e-ba40-1c9ae9985e87
2026-10-04T21:31:22.158Z pw:browser [pid=53693][err] For help, see: https://nodejs.org/learn/getting-started/debugging
2026-10-04T21:31:22.159Z pw:browser <ws disconnected> ws://127.0.0.1:39463/a5374d03-412d-438e-ba40-1c9ae9985e87 code=1005 reason=
2026-10-04T21:31:22.191Z pw:browser <ws disconnected> ws://127.0.0.1:42991/devtools/browser/7a9dcd58-40f3-4f41-aef6-0c577a685ab8 code=1006 reason=
2026-10-04T21:31:22.193Z pw:browser [pid=53693] <process did exit: exitCode=0, signal=null>
2026-10-04T21:31:22.194Z pw:browser [pid=53693] starting temporary directories cleanup
2026-10-04T21:31:22.195Z pw:browser [pid=53693] finished temporary directories cleanup
2026-10-04T21:31:22.195Z pw:browser <launching> /workspace/scratch/4f36639a43c1/AgentVac/node_modules/electron/dist/electron -r /workspace/scratch/4f36639a43c1/AgentVac/node_modules/playwright-core/lib/server/electron/loader.js --inspect=0 --remote-debugging-port=0 /workspace/scratch/4f36639a43c1/AgentVac-next
2026-10-04T21:31:22.197Z pw:browser <launched> pid=53798
2026-10-04T21:31:22.254Z pw:browser [pid=53798][err] [53798:1004/143122.254066:ERROR:dbus/bus.cc:406] Failed to connect to the bus: Failed to connect to socket /run/dbus/system_bus_socket: No such file or directory
2026-10-04T21:31:22.266Z pw:browser [pid=53798][err] Debugger listening on ws://127.0.0.1:41177/7f25ccf1-5631-401d-b618-fb96f87444d3
2026-10-04T21:31:22.266Z pw:browser [pid=53798][err] For help, see: https://nodejs.org/learn/getting-started/debugging
2026-10-04T21:31:22.266Z pw:browser <ws connecting> ws://127.0.0.1:41177/7f25ccf1-5631-401d-b618-fb96f87444d3
2026-10-04T21:31:22.268Z pw:browser <ws connected> ws://127.0.0.1:41177/7f25ccf1-5631-401d-b618-fb96f87444d3
2026-10-04T21:31:22.268Z pw:browser [pid=53798][err] Debugger attached.
2026-10-04T21:31:22.323Z pw:browser [pid=53798][err] [53798:1004/143122.323749:ERROR:dbus/bus.cc:406] Failed to connect to the bus: Failed to connect to socket /run/dbus/system_bus_socket: No such file or directory
2026-10-04T21:31:22.324Z pw:browser [pid=53798][err] [53798:1004/143122.323789:ERROR:dbus/bus.cc:406] Failed to connect to the bus: Failed to connect to socket /run/dbus/system_bus_socket: No such file or directory
2026-10-04T21:31:22.325Z pw:browser [pid=53798][err] 
2026-10-04T21:31:22.325Z pw:browser [pid=53798][err] DevTools listening on ws://127.0.0.1:41281/devtools/browser/45e9d375-e3da-43b3-b47f-7e24b3cec4a3
2026-10-04T21:31:22.325Z pw:browser <ws connecting> ws://127.0.0.1:41281/devtools/browser/45e9d375-e3da-43b3-b47f-7e24b3cec4a3
2026-10-04T21:31:22.332Z pw:browser <ws connected> ws://127.0.0.1:41281/devtools/browser/45e9d375-e3da-43b3-b47f-7e24b3cec4a3
2026-10-04T21:31:22.445Z pw:browser [pid=53798][err] [53878:1004/143122.445221:ERROR:gpu/ipc/client/command_buffer_proxy_impl.cc:285] ContextResult::kTransientFailure: Failed to send GpuControl.CreateCommandBuffer.
AGENTVAC_CHECK {"id":"preference-and-demo-persistence-restart","status":"FAIL","detail":"locator.waitFor: Timeout 20000ms exceeded.\nCall log:\n\u001b[2m  - waiting for getByRole('button', { name: '体验演示扫描', exact: true }) to be visible\u001b[22m\n\n    at launch (/workspace/scratch/4f36639a43c1/AgentVac-next/scripts/desktop-e2e.mjs:227:6)\n    at async file:///workspace/scratch/4f36639a43c1/AgentVac-next/scripts/desktop-e2e.mjs:807:7\n    at async check (/workspace/scratch/4f36639a43c1/AgentVac-next/scripts/desktop-e2e.mjs:129:24)\n    at async file:///workspace/scratch/4f36639a43c1/AgentVac-next/scripts/desktop-e2e.mjs:791:5"}
locator.waitFor: Timeout 20000ms exceeded.
Call log:
[2m  - waiting for getByRole('button', { name: '体验演示扫描', exact: true }) to be visible[22m

    at launch (/workspace/scratch/4f36639a43c1/AgentVac-next/scripts/desktop-e2e.mjs:227:6)
    at async file:///workspace/scratch/4f36639a43c1/AgentVac-next/scripts/desktop-e2e.mjs:807:7
    at async check (/workspace/scratch/4f36639a43c1/AgentVac-next/scripts/desktop-e2e.mjs:129:24)
    at async file:///workspace/scratch/4f36639a43c1/AgentVac-next/scripts/desktop-e2e.mjs:791:5
2026-10-04T21:31:42.469Z pw:browser <ws disconnecting> ws://127.0.0.1:41177/7f25ccf1-5631-401d-b618-fb96f87444d3
2026-10-04T21:31:42.469Z pw:browser [pid=53798][err] Debugger ending on ws://127.0.0.1:41177/7f25ccf1-5631-401d-b618-fb96f87444d3
2026-10-04T21:31:42.469Z pw:browser [pid=53798][err] For help, see: https://nodejs.org/learn/getting-started/debugging
2026-10-04T21:31:42.469Z pw:browser <ws disconnected> ws://127.0.0.1:41177/7f25ccf1-5631-401d-b618-fb96f87444d3 code=1005 reason=
2026-10-04T21:31:42.492Z pw:browser <ws disconnected> ws://127.0.0.1:41281/devtools/browser/45e9d375-e3da-43b3-b47f-7e24b3cec4a3 code=1006 reason=
2026-10-04T21:31:42.494Z pw:browser [pid=53798] <process did exit: exitCode=0, signal=null>
2026-10-04T21:31:42.495Z pw:browser [pid=53798] starting temporary directories cleanup
2026-10-04T21:31:42.496Z pw:browser [pid=53798] finished temporary directories cleanup
AGENTVAC_NATIVE_EVIDENCE_BEGIN
{
  "at": "2026-10-04T21:31:20.896Z",
  "platform": "linux",
  "arch": "x64",
  "fixtureOnly": true,
  "nativeExecution": true,
  "fixtureStorage": {
    "path": "/workspace/scratch/4f36639a43c1/AgentVac-next/.qa",
    "device": "27",
    "filesystemType": "0x794c7630",
    "availableBytes": "23764488192",
    "inMemoryFilesystem": false
  },
  "inheritedTemp": "/workspace/scratch/4f36639a43c1/AgentVac-next/.qa",
  "inheritedXdgDataHome": null,
  "trashConfigurationChanged": false,
  "packagedArtifactTested": false,
  "checks": {
    "fixture-disk-and-diagnostic-data": {
      "status": "PASS",
      "detail": {
        "sqlite": "3.53.3",
        "pages": 182,
        "freelist": 129,
        "fixtureDisk": {
          "path": "/workspace/scratch/4f36639a43c1/AgentVac-next/.qa",
          "device": "27",
          "filesystemType": "0x794c7630",
          "availableBytes": "23764488192",
          "inMemoryFilesystem": false
        },
        "sourceSha256": "717de5fb4244041fef795b6a734a4eb4368c0806f294274affa58d72d3d359da",
        "helperFixtureSyntaxChecked": true,
        "trashConfigurationChanged": false
      }
    },
    "native-window-preload-ipc-sandbox": {
      "status": "PASS",
      "detail": {
        "windows": 1,
        "visible": true,
        "userData": "/workspace/scratch/4f36639a43c1/AgentVac-next/.qa/agentvac-native-suite-FGtI0r/profile",
        "electron": "44.5.1",
        "arch": "x64",
        "argv": [
          "/workspace/scratch/4f36639a43c1/AgentVac/node_modules/electron/dist/electron",
          "/workspace/scratch/4f36639a43c1/AgentVac-next"
        ],
        "sandbox": true,
        "contextIsolation": true,
        "nodeIntegration": false,
        "disabledSandboxSwitch": false,
        "coldUiSigningReady": true,
        "parallelStartupIpcSucceeded": true,
        "canSign": true,
        "noRealHomeDiscovery": true
      }
    },
    "native-folder-picker-open-cancel": {
      "status": "SKIP",
      "detail": "xdotool is absent; native picker was not opened. Install normal desktop test tools in the approved runner, without security changes."
    },
    "demo-ui-scan-quarantine-history-restore": {
      "status": "PASS",
      "detail": {
        "batchId": "3aaeed44-8aef-4c7c-8d7c-9f99bfa6f228",
        "restoredItems": 3,
        "realUi": true,
        "fixedDemoWorkspace": true
      }
    },
    "preference-and-demo-persistence-restart": {
      "status": "FAIL",
      "detail": "locator.waitFor: Timeout 20000ms exceeded.\nCall log:\n\u001b[2m  - waiting for getByRole('button', { name: '体验演示扫描', exact: true }) to be visible\u001b[22m\n\n    at launch (/workspace/scratch/4f36639a43c1/AgentVac-next/scripts/desktop-e2e.mjs:227:6)\n    at async file:///workspace/scratch/4f36639a43c1/AgentVac-next/scripts/desktop-e2e.mjs:807:7\n    at async check (/workspace/scratch/4f36639a43c1/AgentVac-next/scripts/desktop-e2e.mjs:129:24)\n    at async file:///workspace/scratch/4f36639a43c1/AgentVac-next/scripts/desktop-e2e.mjs:791:5"
    },
    "single-instance-lock": {
      "status": "UNTESTED",
      "detail": "Not reached"
    },
    "generated-root-adapter": {
      "status": "UNTESTED",
      "detail": "Not reached"
    },
    "duplicate-quarantine-and-restore": {
      "status": "UNTESTED",
      "detail": "Not reached"
    },
    "native-trash-generated-batch": {
      "status": "UNTESTED",
      "detail": "Not reached"
    },
    "diagnostic-real-helper-ipc-readonly": {
      "status": "UNTESTED",
      "detail": "Not reached"
    },
    "diagnostic-cancel-no-orphans": {
      "status": "UNTESTED",
      "detail": "Not reached"
    },
    "diagnostic-window-close-no-orphans": {
      "status": "UNTESTED",
      "detail": "Not reached"
    }
  },
  "status": "FAIL",
  "error": "locator.waitFor: Timeout 20000ms exceeded.\nCall log:\n\u001b[2m  - waiting for getByRole('button', { name: '体验演示扫描', exact: true }) to be visible\u001b[22m\n\n    at launch (/workspace/scratch/4f36639a43c1/AgentVac-next/scripts/desktop-e2e.mjs:227:6)\n    at async file:///workspace/scratch/4f36639a43c1/AgentVac-next/scripts/desktop-e2e.mjs:807:7\n    at async check (/workspace/scratch/4f36639a43c1/AgentVac-next/scripts/desktop-e2e.mjs:129:24)\n    at async file:///workspace/scratch/4f36639a43c1/AgentVac-next/scripts/desktop-e2e.mjs:791:5",
  "finishedAt": "2026-10-04T21:31:42.500Z"
}
AGENTVAC_NATIVE_EVIDENCE_END

Native source suite exit: 1
