npm warn Unknown env config "http-proxy". This will stop working in the next major version of npm.
  • electron-builder  version=26.15.3 os=6.18.44
  • loaded configuration  file=package.json ("build" field)
  • executing @electron/rebuild  electronVersion=44.5.1 arch=x64 buildFromSource=false workspaceRoot=/workspace/scratch/4f36639a43c1/AgentVac-next projectDir=./ appDir=./
  • installing native dependencies  arch=x64
  • completed installing native dependencies
  • packaging       platform=linux arch=x64 electron=44.5.1 appOutDir=release-next/linux/linux-unpacked
  • using custom unpacked Electron distribution  electronDist=/workspace/scratch/4f36639a43c1/AgentVac/node_modules/electron/dist
  • copying unpacked Electron  source=/workspace/scratch/4f36639a43c1/AgentVac/node_modules/electron/dist destination=/workspace/scratch/4f36639a43c1/AgentVac-next/release-next/linux/linux-unpacked
  • searching for node modules  pm=npm searchDir=/workspace/scratch/4f36639a43c1/AgentVac-next
  • searching for node modules  pm=traversal searchDir=/workspace/scratch/4f36639a43c1/AgentVac-next
  • using manual traversal of node_modules to build dependency tree
  • no node modules returned while searching directories  searchDirectories=[""]
  • building        target=AppImage arch=x64 file=release-next/linux/AgentVac-0.1.0.AppImage
  • building        target=tar.gz arch=x64 file=release-next/linux/agentvac-0.1.0.tar.gz
  • downloaded      label=appimage-12.0.1.7z progress=100%
  • downloaded      label=7zip-linux-x64.tar.gz progress=100%
  • building embedded block map  file=release-next/linux/AgentVac-0.1.0.AppImage
npm notice
npm notice New major version of npm available! 11.9.0 -> 12.2.0
npm notice Changelog: https://github.com/npm/cli/releases/tag/v12.2.0
npm notice To update run: npm install -g npm@12.2.0
npm notice
