PASS welcome light: 0 violations, 1 incomplete rules
PASS welcome dark: 0 violations, 1 incomplete rules
PASS history-empty light: 0 violations, 0 incomplete rules
PASS history-empty dark: 0 violations, 0 incomplete rules
PASS rules light: 0 violations, 0 incomplete rules
PASS rules dark: 0 violations, 0 incomplete rules
PASS files light: 0 violations, 1 incomplete rules
PASS files dark: 0 violations, 1 incomplete rules
PASS sessions-with-inspector light: 0 violations, 1 incomplete rules
PASS sessions-with-inspector dark: 0 violations, 1 incomplete rules
PASS session-bulk-review light: 0 violations, 1 incomplete rules
PASS session-bulk-review dark: 0 violations, 1 incomplete rules
PASS session-preview light: 0 violations, 0 incomplete rules
PASS session-preview dark: 0 violations, 0 incomplete rules
PASS log-preview light: 0 violations, 0 incomplete rules
PASS log-preview dark: 0 violations, 0 incomplete rules
PASS operation-result light: 0 violations, 0 incomplete rules
PASS operation-result dark: 0 violations, 0 incomplete rules
PASS history light: 0 violations, 0 incomplete rules
PASS history dark: 0 violations, 0 incomplete rules
PASS restore-confirmation light: 0 violations, 1 incomplete rules
PASS restore-confirmation dark: 0 violations, 1 incomplete rules
PASS trash-confirmation light: 0 violations, 1 incomplete rules
PASS trash-confirmation dark: 0 violations, 1 incomplete rules
PASS history-restored light: 0 violations, 0 incomplete rules
PASS history-restored dark: 0 violations, 0 incomplete rules
