
7-Zip (z) 24.09 (x64) : Copyright (c) 1999-2024 Igor Pavlov : 2024-11-28
 64-bit locale=C.UTF-8 Threads:9 OPEN_MAX:16384, ASM

Scanning the drive for archives:
1 file, 99385982 bytes (95 MiB)

Extracting archive: release-next/windows/AgentVac 0.1.0.exe
--
Path = release-next/windows/AgentVac 0.1.0.exe
Type = Nsis
Physical Size = 99385982
Method = Deflate
Solid = -
Headers Size = 39666
Embedded Stub Size = 59904
SubType = NSIS-3 Unicode

Everything is Ok

Size:       99025994
Compressed: 99385982

7-Zip (z) 24.09 (x64) : Copyright (c) 1999-2024 Igor Pavlov : 2024-11-28
 64-bit locale=C.UTF-8 Threads:9 OPEN_MAX:16384, ASM

Scanning the drive for archives:
1 file, 99025994 bytes (95 MiB)

Testing archive: release-next/windows/archive-check/app-64.7z
--
Path = release-next/windows/archive-check/app-64.7z
Type = 7z
Physical Size = 99025994
Headers Size = 1256
Method = LZMA2:28 LZMA:20 BCJ2
Solid = +
Blocks = 2

Everything is Ok

Folders: 4
Files: 79
Size:       405837518
Compressed: 99025994

7-Zip (z) 24.09 (x64) : Copyright (c) 1999-2024 Igor Pavlov : 2024-11-28
 64-bit locale=C.UTF-8 Threads:9 OPEN_MAX:16384, ASM

Scanning the drive for archives:
1 file, 99025994 bytes (95 MiB)

Extracting archive: release-next/windows/archive-check/app-64.7z
--
Path = release-next/windows/archive-check/app-64.7z
Type = 7z
Physical Size = 99025994
Headers Size = 1256
Method = LZMA2:28 LZMA:20 BCJ2
Solid = +
Blocks = 2

Everything is Ok

Folders: 4
Files: 79
Size:       405837518
Compressed: 99025994
